Archive member included to satisfy reference by file (symbol)

c:/program files (x86)/atmel/studio/7.0/toolchain/avr8/avr8-gnu-toolchain/bin/../lib/gcc/avr/5.4.0/avr5\libgcc.a(_exit.o)
                              C:/Program Files (x86)/Atmel/Studio/7.0/Packs/Atmel/ATmega_DFP/1.4.351/gcc/dev/atmega32u4/avr5/crtatmega32u4.o (exit)
c:/program files (x86)/atmel/studio/7.0/toolchain/avr8/avr8-gnu-toolchain/bin/../lib/gcc/avr/5.4.0/avr5\libgcc.a(_tablejump2.o)
                              timers.o (__tablejump2__)
c:/program files (x86)/atmel/studio/7.0/toolchain/avr8/avr8-gnu-toolchain/bin/../lib/gcc/avr/5.4.0/avr5\libgcc.a(_copy_data.o)
                              main.o (__do_copy_data)
c:/program files (x86)/atmel/studio/7.0/toolchain/avr8/avr8-gnu-toolchain/bin/../lib/gcc/avr/5.4.0/avr5\libgcc.a(_clear_bss.o)
                              main.o (__do_clear_bss)
c:/program files (x86)/atmel/studio/7.0/toolchain/avr8/avr8-gnu-toolchain/bin/../lib/gcc/avr/5.4.0/../../../../avr/lib/avr5\libc.a(malloc.o)
                              heap_3.o (malloc)
c:/program files (x86)/atmel/studio/7.0/toolchain/avr8/avr8-gnu-toolchain/bin/../lib/gcc/avr/5.4.0/../../../../avr/lib/avr5\libc.a(memcpy.o)
                              queue.o (memcpy)
c:/program files (x86)/atmel/studio/7.0/toolchain/avr8/avr8-gnu-toolchain/bin/../lib/gcc/avr/5.4.0/../../../../avr/lib/avr5\libc.a(memset.o)
                              tasks.o (memset)

Allocating common symbols
Common symbol       size              file

__brkval            0x2               c:/program files (x86)/atmel/studio/7.0/toolchain/avr8/avr8-gnu-toolchain/bin/../lib/gcc/avr/5.4.0/../../../../avr/lib/avr5\libc.a(malloc.o)
__flp               0x2               c:/program files (x86)/atmel/studio/7.0/toolchain/avr8/avr8-gnu-toolchain/bin/../lib/gcc/avr/5.4.0/../../../../avr/lib/avr5\libc.a(malloc.o)

Discarded input sections

 .data          0x00000000        0x0 C:/Program Files (x86)/Atmel/Studio/7.0/Packs/Atmel/ATmega_DFP/1.4.351/gcc/dev/atmega32u4/avr5/crtatmega32u4.o
 .bss           0x00000000        0x0 C:/Program Files (x86)/Atmel/Studio/7.0/Packs/Atmel/ATmega_DFP/1.4.351/gcc/dev/atmega32u4/avr5/crtatmega32u4.o
 .text          0x00000000        0x0 croutine.o
 .data          0x00000000        0x0 croutine.o
 .bss           0x00000000        0x0 croutine.o
 .debug_info    0x00000000       0x64 croutine.o
 .debug_abbrev  0x00000000       0x26 croutine.o
 .debug_aranges
                0x00000000       0x18 croutine.o
 .debug_line    0x00000000       0x1a croutine.o
 .debug_str     0x00000000      0x18f croutine.o
 .comment       0x00000000       0x31 croutine.o
 .text          0x00000000        0x0 event_groups.o
 .data          0x00000000        0x0 event_groups.o
 .bss           0x00000000        0x0 event_groups.o
 .text.xEventGroupCreate
                0x00000000       0x26 event_groups.o
 .text.xEventGroupWaitBits
                0x00000000      0x110 event_groups.o
 .text.xEventGroupClearBits
                0x00000000       0x1e event_groups.o
 .text.xEventGroupGetBitsFromISR
                0x00000000        0x8 event_groups.o
 .text.xEventGroupSetBits
                0x00000000       0xdc event_groups.o
 .text.xEventGroupSync
                0x00000000       0xd2 event_groups.o
 .text.vEventGroupDelete
                0x00000000       0x32 event_groups.o
 .text.vEventGroupSetBitsCallback
                0x00000000        0x8 event_groups.o
 .text.vEventGroupClearBitsCallback
                0x00000000        0x8 event_groups.o
 .debug_info    0x00000000      0x923 event_groups.o
 .debug_abbrev  0x00000000      0x20c event_groups.o
 .debug_loc     0x00000000      0xb78 event_groups.o
 .debug_aranges
                0x00000000       0x60 event_groups.o
 .debug_ranges  0x00000000       0x68 event_groups.o
 .debug_line    0x00000000      0x396 event_groups.o
 .debug_str     0x00000000      0x5b2 event_groups.o
 .comment       0x00000000       0x31 event_groups.o
 .debug_frame   0x00000000      0x158 event_groups.o
 .text          0x00000000        0x0 heap_3.o
 .data          0x00000000        0x0 heap_3.o
 .bss           0x00000000        0x0 heap_3.o
 .text          0x00000000        0x0 hooks.o
 .data          0x00000000        0x0 hooks.o
 .bss           0x00000000        0x0 hooks.o
 .text          0x00000000        0x0 list.o
 .data          0x00000000        0x0 list.o
 .bss           0x00000000        0x0 list.o
 .text          0x00000000        0x0 main.o
 .data          0x00000000        0x0 main.o
 .bss           0x00000000        0x0 main.o
 .text          0x00000000        0x0 port.o
 .data          0x00000000        0x0 port.o
 .bss           0x00000000        0x0 port.o
 .text.vPortEndScheduler
                0x00000000       0x18 port.o
 .text.vPortYieldFromISR
                0x00000000       0xb2 port.o
 .text          0x00000000        0x0 queue.o
 .data          0x00000000        0x0 queue.o
 .bss           0x00000000        0x0 queue.o
 .text.xQueueCreateCountingSemaphore
                0x00000000       0x18 queue.o
 .text.xQueueGiveMutexRecursive
                0x00000000       0x46 queue.o
 .text.xQueueGiveFromISR
                0x00000000       0x52 queue.o
 .text.xQueueSemaphoreTake
                0x00000000      0x19a queue.o
 .text.xQueueTakeMutexRecursive
                0x00000000       0x48 queue.o
 .text.xQueuePeek
                0x00000000      0x132 queue.o
 .text.xQueueReceiveFromISR
                0x00000000       0x6e queue.o
 .text.xQueuePeekFromISR
                0x00000000       0x2e queue.o
 .text.uxQueueMessagesWaiting
                0x00000000       0x10 queue.o
 .text.uxQueueSpacesAvailable
                0x00000000       0x14 queue.o
 .text.uxQueueMessagesWaitingFromISR
                0x00000000        0x6 queue.o
 .text.vQueueDelete
                0x00000000        0x6 queue.o
 .text.xQueueIsQueueEmptyFromISR
                0x00000000        0xc queue.o
 .text.xQueueIsQueueFullFromISR
                0x00000000        0xe queue.o
 .text          0x00000000        0x0 stream_buffer.o
 .data          0x00000000        0x0 stream_buffer.o
 .bss           0x00000000        0x0 stream_buffer.o
 .text.prvBytesInBuffer
                0x00000000       0x26 stream_buffer.o
 .text.prvWriteBytesToBuffer
                0x00000000       0x92 stream_buffer.o
 .text.prvWriteMessageToBuffer
                0x00000000       0x82 stream_buffer.o
 .text.prvReadBytesFromBuffer
                0x00000000       0x9c stream_buffer.o
 .text.xStreamBufferGenericCreate
                0x00000000       0x5a stream_buffer.o
 .text.vStreamBufferDelete
                0x00000000       0x1a stream_buffer.o
 .text.xStreamBufferReset
                0x00000000       0x74 stream_buffer.o
 .text.xStreamBufferSetTriggerLevel
                0x00000000       0x22 stream_buffer.o
 .text.xStreamBufferSpacesAvailable
                0x00000000       0x24 stream_buffer.o
 .text.xStreamBufferBytesAvailable
                0x00000000        0x6 stream_buffer.o
 .text.xStreamBufferSend
                0x00000000      0x148 stream_buffer.o
 .text.xStreamBufferSendFromISR
                0x00000000       0x8c stream_buffer.o
 .text.xStreamBufferReceive
                0x00000000      0x148 stream_buffer.o
 .text.xStreamBufferNextMessageLengthBytes
                0x00000000       0x66 stream_buffer.o
 .text.xStreamBufferReceiveFromISR
                0x00000000       0xe6 stream_buffer.o
 .text.xStreamBufferIsEmpty
                0x00000000       0x16 stream_buffer.o
 .text.xStreamBufferIsFull
                0x00000000       0x2c stream_buffer.o
 .text.xStreamBufferSendCompletedFromISR
                0x00000000       0x46 stream_buffer.o
 .text.xStreamBufferReceiveCompletedFromISR
                0x00000000       0x46 stream_buffer.o
 .debug_info    0x00000000     0x140b stream_buffer.o
 .debug_abbrev  0x00000000      0x2a5 stream_buffer.o
 .debug_loc     0x00000000     0x1dde stream_buffer.o
 .debug_aranges
                0x00000000       0xb0 stream_buffer.o
 .debug_ranges  0x00000000       0xa0 stream_buffer.o
 .debug_line    0x00000000      0x742 stream_buffer.o
 .debug_str     0x00000000      0x7c1 stream_buffer.o
 .comment       0x00000000       0x31 stream_buffer.o
 .debug_frame   0x00000000      0x38c stream_buffer.o
 .text          0x00000000        0x0 tasks.o
 .data          0x00000000        0x0 tasks.o
 .bss           0x00000000        0x0 tasks.o
 .text.vTaskDelete
                0x00000000       0xaa tasks.o
 .text.uxTaskPriorityGet
                0x00000000       0x1e tasks.o
 .text.uxTaskPriorityGetFromISR
                0x00000000       0x14 tasks.o
 .text.vTaskPrioritySet
                0x00000000       0xf8 tasks.o
 .text.vTaskResume
                0x00000000       0x9e tasks.o
 .text.xTaskResumeFromISR
                0x00000000       0xae tasks.o
 .text.vTaskEndScheduler
                0x00000000        0xe tasks.o
 .text.xTaskGetTickCountFromISR
                0x00000000        0xa tasks.o
 .text.uxTaskGetNumberOfTasks
                0x00000000        0x6 tasks.o
 .text.pcTaskGetName
                0x00000000       0x10 tasks.o
 .text.vTaskDelayUntil
                0x00000000       0x7c tasks.o
 .text.vTaskDelay
                0x00000000       0x28 tasks.o
 .text.xTaskCatchUpTicks
                0x00000000       0x28 tasks.o
 .text.vTaskSuspend
                0x00000000       0xa4 tasks.o
 .text.vTaskPlaceOnUnorderedEventList
                0x00000000       0x32 tasks.o
 .text.vTaskRemoveFromUnorderedEventList
                0x00000000       0x70 tasks.o
 .text.vTaskSetTimeOutState
                0x00000000       0x20 tasks.o
 .text.uxTaskGetStackHighWaterMark
                0x00000000       0x3a tasks.o
 .text.xTaskGetCurrentTaskHandle
                0x00000000        0xa tasks.o
 .text.xTaskPriorityInherit
                0x00000000       0xe4 tasks.o
 .text.vTaskPriorityDisinheritAfterTimeout
                0x00000000       0xa0 tasks.o
 .text.uxTaskResetEventItemValue
                0x00000000       0x2e tasks.o
 .text.pvTaskIncrementMutexHeldCount
                0x00000000       0x24 tasks.o
 .text.ulTaskNotifyTake
                0x00000000       0xae tasks.o
 .text.xTaskNotifyWait
                0x00000000      0x108 tasks.o
 .text.xTaskGenericNotify
                0x00000000       0xfc tasks.o
 .text.xTaskGenericNotifyFromISR
                0x00000000      0x120 tasks.o
 .text.vTaskNotifyGiveFromISR
                0x00000000       0xb4 tasks.o
 .text.xTaskNotifyStateClear
                0x00000000       0x28 tasks.o
 .text.ulTaskNotifyValueClear
                0x00000000       0x66 tasks.o
 .text          0x00000000        0x0 timers.o
 .data          0x00000000        0x0 timers.o
 .bss           0x00000000        0x0 timers.o
 .text.xTimerCreate
                0x00000000       0x6e timers.o
 .text.xTimerGetTimerDaemonTaskHandle
                0x00000000        0xa timers.o
 .text.xTimerGetPeriod
                0x00000000        0x8 timers.o
 .text.vTimerSetReloadMode
                0x00000000       0x22 timers.o
 .text.uxTimerGetReloadMode
                0x00000000       0x16 timers.o
 .text.xTimerGetExpiryTime
                0x00000000        0x8 timers.o
 .text.pcTimerGetName
                0x00000000        0x8 timers.o
 .text.xTimerIsTimerActive
                0x00000000       0x12 timers.o
 .text.pvTimerGetTimerID
                0x00000000       0x12 timers.o
 .text.vTimerSetTimerID
                0x00000000       0x12 timers.o
 .text          0x00000000        0x0 c:/program files (x86)/atmel/studio/7.0/toolchain/avr8/avr8-gnu-toolchain/bin/../lib/gcc/avr/5.4.0/avr5\libgcc.a(_exit.o)
 .data          0x00000000        0x0 c:/program files (x86)/atmel/studio/7.0/toolchain/avr8/avr8-gnu-toolchain/bin/../lib/gcc/avr/5.4.0/avr5\libgcc.a(_exit.o)
 .bss           0x00000000        0x0 c:/program files (x86)/atmel/studio/7.0/toolchain/avr8/avr8-gnu-toolchain/bin/../lib/gcc/avr/5.4.0/avr5\libgcc.a(_exit.o)
 .text.libgcc.mul
                0x00000000        0x0 c:/program files (x86)/atmel/studio/7.0/toolchain/avr8/avr8-gnu-toolchain/bin/../lib/gcc/avr/5.4.0/avr5\libgcc.a(_exit.o)
 .text.libgcc.div
                0x00000000        0x0 c:/program files (x86)/atmel/studio/7.0/toolchain/avr8/avr8-gnu-toolchain/bin/../lib/gcc/avr/5.4.0/avr5\libgcc.a(_exit.o)
 .text.libgcc   0x00000000        0x0 c:/program files (x86)/atmel/studio/7.0/toolchain/avr8/avr8-gnu-toolchain/bin/../lib/gcc/avr/5.4.0/avr5\libgcc.a(_exit.o)
 .text.libgcc.prologue
                0x00000000        0x0 c:/program files (x86)/atmel/studio/7.0/toolchain/avr8/avr8-gnu-toolchain/bin/../lib/gcc/avr/5.4.0/avr5\libgcc.a(_exit.o)
 .text.libgcc.builtins
                0x00000000        0x0 c:/program files (x86)/atmel/studio/7.0/toolchain/avr8/avr8-gnu-toolchain/bin/../lib/gcc/avr/5.4.0/avr5\libgcc.a(_exit.o)
 .text.libgcc.fmul
                0x00000000        0x0 c:/program files (x86)/atmel/studio/7.0/toolchain/avr8/avr8-gnu-toolchain/bin/../lib/gcc/avr/5.4.0/avr5\libgcc.a(_exit.o)
 .text.libgcc.fixed
                0x00000000        0x0 c:/program files (x86)/atmel/studio/7.0/toolchain/avr8/avr8-gnu-toolchain/bin/../lib/gcc/avr/5.4.0/avr5\libgcc.a(_exit.o)
 .text          0x00000000        0x0 c:/program files (x86)/atmel/studio/7.0/toolchain/avr8/avr8-gnu-toolchain/bin/../lib/gcc/avr/5.4.0/avr5\libgcc.a(_tablejump2.o)
 .data          0x00000000        0x0 c:/program files (x86)/atmel/studio/7.0/toolchain/avr8/avr8-gnu-toolchain/bin/../lib/gcc/avr/5.4.0/avr5\libgcc.a(_tablejump2.o)
 .bss           0x00000000        0x0 c:/program files (x86)/atmel/studio/7.0/toolchain/avr8/avr8-gnu-toolchain/bin/../lib/gcc/avr/5.4.0/avr5\libgcc.a(_tablejump2.o)
 .text.libgcc.mul
                0x00000000        0x0 c:/program files (x86)/atmel/studio/7.0/toolchain/avr8/avr8-gnu-toolchain/bin/../lib/gcc/avr/5.4.0/avr5\libgcc.a(_tablejump2.o)
 .text.libgcc.div
                0x00000000        0x0 c:/program files (x86)/atmel/studio/7.0/toolchain/avr8/avr8-gnu-toolchain/bin/../lib/gcc/avr/5.4.0/avr5\libgcc.a(_tablejump2.o)
 .text.libgcc.prologue
                0x00000000        0x0 c:/program files (x86)/atmel/studio/7.0/toolchain/avr8/avr8-gnu-toolchain/bin/../lib/gcc/avr/5.4.0/avr5\libgcc.a(_tablejump2.o)
 .text.libgcc.builtins
                0x00000000        0x0 c:/program files (x86)/atmel/studio/7.0/toolchain/avr8/avr8-gnu-toolchain/bin/../lib/gcc/avr/5.4.0/avr5\libgcc.a(_tablejump2.o)
 .text.libgcc.fmul
                0x00000000        0x0 c:/program files (x86)/atmel/studio/7.0/toolchain/avr8/avr8-gnu-toolchain/bin/../lib/gcc/avr/5.4.0/avr5\libgcc.a(_tablejump2.o)
 .text.libgcc.fixed
                0x00000000        0x0 c:/program files (x86)/atmel/studio/7.0/toolchain/avr8/avr8-gnu-toolchain/bin/../lib/gcc/avr/5.4.0/avr5\libgcc.a(_tablejump2.o)
 .text          0x00000000        0x0 c:/program files (x86)/atmel/studio/7.0/toolchain/avr8/avr8-gnu-toolchain/bin/../lib/gcc/avr/5.4.0/avr5\libgcc.a(_copy_data.o)
 .data          0x00000000        0x0 c:/program files (x86)/atmel/studio/7.0/toolchain/avr8/avr8-gnu-toolchain/bin/../lib/gcc/avr/5.4.0/avr5\libgcc.a(_copy_data.o)
 .bss           0x00000000        0x0 c:/program files (x86)/atmel/studio/7.0/toolchain/avr8/avr8-gnu-toolchain/bin/../lib/gcc/avr/5.4.0/avr5\libgcc.a(_copy_data.o)
 .text.libgcc.mul
                0x00000000        0x0 c:/program files (x86)/atmel/studio/7.0/toolchain/avr8/avr8-gnu-toolchain/bin/../lib/gcc/avr/5.4.0/avr5\libgcc.a(_copy_data.o)
 .text.libgcc.div
                0x00000000        0x0 c:/program files (x86)/atmel/studio/7.0/toolchain/avr8/avr8-gnu-toolchain/bin/../lib/gcc/avr/5.4.0/avr5\libgcc.a(_copy_data.o)
 .text.libgcc   0x00000000        0x0 c:/program files (x86)/atmel/studio/7.0/toolchain/avr8/avr8-gnu-toolchain/bin/../lib/gcc/avr/5.4.0/avr5\libgcc.a(_copy_data.o)
 .text.libgcc.prologue
                0x00000000        0x0 c:/program files (x86)/atmel/studio/7.0/toolchain/avr8/avr8-gnu-toolchain/bin/../lib/gcc/avr/5.4.0/avr5\libgcc.a(_copy_data.o)
 .text.libgcc.builtins
                0x00000000        0x0 c:/program files (x86)/atmel/studio/7.0/toolchain/avr8/avr8-gnu-toolchain/bin/../lib/gcc/avr/5.4.0/avr5\libgcc.a(_copy_data.o)
 .text.libgcc.fmul
                0x00000000        0x0 c:/program files (x86)/atmel/studio/7.0/toolchain/avr8/avr8-gnu-toolchain/bin/../lib/gcc/avr/5.4.0/avr5\libgcc.a(_copy_data.o)
 .text.libgcc.fixed
                0x00000000        0x0 c:/program files (x86)/atmel/studio/7.0/toolchain/avr8/avr8-gnu-toolchain/bin/../lib/gcc/avr/5.4.0/avr5\libgcc.a(_copy_data.o)
 .text          0x00000000        0x0 c:/program files (x86)/atmel/studio/7.0/toolchain/avr8/avr8-gnu-toolchain/bin/../lib/gcc/avr/5.4.0/avr5\libgcc.a(_clear_bss.o)
 .data          0x00000000        0x0 c:/program files (x86)/atmel/studio/7.0/toolchain/avr8/avr8-gnu-toolchain/bin/../lib/gcc/avr/5.4.0/avr5\libgcc.a(_clear_bss.o)
 .bss           0x00000000        0x0 c:/program files (x86)/atmel/studio/7.0/toolchain/avr8/avr8-gnu-toolchain/bin/../lib/gcc/avr/5.4.0/avr5\libgcc.a(_clear_bss.o)
 .text.libgcc.mul
                0x00000000        0x0 c:/program files (x86)/atmel/studio/7.0/toolchain/avr8/avr8-gnu-toolchain/bin/../lib/gcc/avr/5.4.0/avr5\libgcc.a(_clear_bss.o)
 .text.libgcc.div
                0x00000000        0x0 c:/program files (x86)/atmel/studio/7.0/toolchain/avr8/avr8-gnu-toolchain/bin/../lib/gcc/avr/5.4.0/avr5\libgcc.a(_clear_bss.o)
 .text.libgcc   0x00000000        0x0 c:/program files (x86)/atmel/studio/7.0/toolchain/avr8/avr8-gnu-toolchain/bin/../lib/gcc/avr/5.4.0/avr5\libgcc.a(_clear_bss.o)
 .text.libgcc.prologue
                0x00000000        0x0 c:/program files (x86)/atmel/studio/7.0/toolchain/avr8/avr8-gnu-toolchain/bin/../lib/gcc/avr/5.4.0/avr5\libgcc.a(_clear_bss.o)
 .text.libgcc.builtins
                0x00000000        0x0 c:/program files (x86)/atmel/studio/7.0/toolchain/avr8/avr8-gnu-toolchain/bin/../lib/gcc/avr/5.4.0/avr5\libgcc.a(_clear_bss.o)
 .text.libgcc.fmul
                0x00000000        0x0 c:/program files (x86)/atmel/studio/7.0/toolchain/avr8/avr8-gnu-toolchain/bin/../lib/gcc/avr/5.4.0/avr5\libgcc.a(_clear_bss.o)
 .text.libgcc.fixed
                0x00000000        0x0 c:/program files (x86)/atmel/studio/7.0/toolchain/avr8/avr8-gnu-toolchain/bin/../lib/gcc/avr/5.4.0/avr5\libgcc.a(_clear_bss.o)
 .text          0x00000000        0x0 c:/program files (x86)/atmel/studio/7.0/toolchain/avr8/avr8-gnu-toolchain/bin/../lib/gcc/avr/5.4.0/../../../../avr/lib/avr5\libc.a(malloc.o)
 .bss           0x00000000        0x0 c:/program files (x86)/atmel/studio/7.0/toolchain/avr8/avr8-gnu-toolchain/bin/../lib/gcc/avr/5.4.0/../../../../avr/lib/avr5\libc.a(malloc.o)
 .text          0x00000000        0x0 c:/program files (x86)/atmel/studio/7.0/toolchain/avr8/avr8-gnu-toolchain/bin/../lib/gcc/avr/5.4.0/../../../../avr/lib/avr5\libc.a(memcpy.o)
 .data          0x00000000        0x0 c:/program files (x86)/atmel/studio/7.0/toolchain/avr8/avr8-gnu-toolchain/bin/../lib/gcc/avr/5.4.0/../../../../avr/lib/avr5\libc.a(memcpy.o)
 .bss           0x00000000        0x0 c:/program files (x86)/atmel/studio/7.0/toolchain/avr8/avr8-gnu-toolchain/bin/../lib/gcc/avr/5.4.0/../../../../avr/lib/avr5\libc.a(memcpy.o)
 .text          0x00000000        0x0 c:/program files (x86)/atmel/studio/7.0/toolchain/avr8/avr8-gnu-toolchain/bin/../lib/gcc/avr/5.4.0/../../../../avr/lib/avr5\libc.a(memset.o)
 .data          0x00000000        0x0 c:/program files (x86)/atmel/studio/7.0/toolchain/avr8/avr8-gnu-toolchain/bin/../lib/gcc/avr/5.4.0/../../../../avr/lib/avr5\libc.a(memset.o)
 .bss           0x00000000        0x0 c:/program files (x86)/atmel/studio/7.0/toolchain/avr8/avr8-gnu-toolchain/bin/../lib/gcc/avr/5.4.0/../../../../avr/lib/avr5\libc.a(memset.o)

Memory Configuration

Name             Origin             Length             Attributes
text             0x00000000         0x00008000         xr
data             0x00800100         0x00000a00         rw !x
eeprom           0x00810000         0x00000400         rw !x
fuse             0x00820000         0x00000003         rw !x
lock             0x00830000         0x00000400         rw !x
signature        0x00840000         0x00000400         rw !x
user_signatures  0x00850000         0x00000400         rw !x
*default*        0x00000000         0xffffffff

Linker script and memory map

Address of section .data set to 0x800100
LOAD C:/Program Files (x86)/Atmel/Studio/7.0/Packs/Atmel/ATmega_DFP/1.4.351/gcc/dev/atmega32u4/avr5/crtatmega32u4.o
LOAD croutine.o
LOAD event_groups.o
LOAD heap_3.o
LOAD hooks.o
LOAD list.o
LOAD main.o
LOAD port.o
LOAD queue.o
LOAD stream_buffer.o
LOAD tasks.o
LOAD timers.o
START GROUP
LOAD c:/program files (x86)/atmel/studio/7.0/toolchain/avr8/avr8-gnu-toolchain/bin/../lib/gcc/avr/5.4.0/../../../../avr/lib/avr5\libm.a
END GROUP
START GROUP
LOAD c:/program files (x86)/atmel/studio/7.0/toolchain/avr8/avr8-gnu-toolchain/bin/../lib/gcc/avr/5.4.0/avr5\libgcc.a
LOAD c:/program files (x86)/atmel/studio/7.0/toolchain/avr8/avr8-gnu-toolchain/bin/../lib/gcc/avr/5.4.0/../../../../avr/lib/avr5\libm.a
LOAD c:/program files (x86)/atmel/studio/7.0/toolchain/avr8/avr8-gnu-toolchain/bin/../lib/gcc/avr/5.4.0/../../../../avr/lib/avr5\libc.a
LOAD C:/Program Files (x86)/Atmel/Studio/7.0/Packs/Atmel/ATmega_DFP/1.4.351/gcc/dev/atmega32u4/avr5\libatmega32u4.a
END GROUP
                0x00000000                __TEXT_REGION_ORIGIN__ = DEFINED (__TEXT_REGION_ORIGIN__)?__TEXT_REGION_ORIGIN__:0x0
                [0x00800100]                __DATA_REGION_ORIGIN__ = DEFINED (__DATA_REGION_ORIGIN__)?__DATA_REGION_ORIGIN__:0x800060
                [0x00008000]                __TEXT_REGION_LENGTH__ = DEFINED (__TEXT_REGION_LENGTH__)?__TEXT_REGION_LENGTH__:0x20000
                [0x00000a00]                __DATA_REGION_LENGTH__ = DEFINED (__DATA_REGION_LENGTH__)?__DATA_REGION_LENGTH__:0xffa0
                [0x00000400]                __EEPROM_REGION_LENGTH__ = DEFINED (__EEPROM_REGION_LENGTH__)?__EEPROM_REGION_LENGTH__:0x10000
                [0x00000003]                __FUSE_REGION_LENGTH__ = DEFINED (__FUSE_REGION_LENGTH__)?__FUSE_REGION_LENGTH__:0x400
                0x00000400                __LOCK_REGION_LENGTH__ = DEFINED (__LOCK_REGION_LENGTH__)?__LOCK_REGION_LENGTH__:0x400
                0x00000400                __SIGNATURE_REGION_LENGTH__ = DEFINED (__SIGNATURE_REGION_LENGTH__)?__SIGNATURE_REGION_LENGTH__:0x400
                0x00000400                __USER_SIGNATURE_REGION_LENGTH__ = DEFINED (__USER_SIGNATURE_REGION_LENGTH__)?__USER_SIGNATURE_REGION_LENGTH__:0x400

.hash
 *(.hash)

.dynsym
 *(.dynsym)

.dynstr
 *(.dynstr)

.gnu.version
 *(.gnu.version)

.gnu.version_d
 *(.gnu.version_d)

.gnu.version_r
 *(.gnu.version_r)

.rel.init
 *(.rel.init)

.rela.init
 *(.rela.init)

.rel.text
 *(.rel.text)
 *(.rel.text.*)
 *(.rel.gnu.linkonce.t*)

.rela.text
 *(.rela.text)
 *(.rela.text.*)
 *(.rela.gnu.linkonce.t*)

.rel.fini
 *(.rel.fini)

.rela.fini
 *(.rela.fini)

.rel.rodata
 *(.rel.rodata)
 *(.rel.rodata.*)
 *(.rel.gnu.linkonce.r*)

.rela.rodata
 *(.rela.rodata)
 *(.rela.rodata.*)
 *(.rela.gnu.linkonce.r*)

.rel.data
 *(.rel.data)
 *(.rel.data.*)
 *(.rel.gnu.linkonce.d*)

.rela.data
 *(.rela.data)
 *(.rela.data.*)
 *(.rela.gnu.linkonce.d*)

.rel.ctors
 *(.rel.ctors)

.rela.ctors
 *(.rela.ctors)

.rel.dtors
 *(.rel.dtors)

.rela.dtors
 *(.rela.dtors)

.rel.got
 *(.rel.got)

.rela.got
 *(.rela.got)

.rel.bss
 *(.rel.bss)

.rela.bss
 *(.rela.bss)

.rel.plt
 *(.rel.plt)

.rela.plt
 *(.rela.plt)

.text           0x00000000     0x1b82
 *(.vectors)
 .vectors       0x00000000       0xac C:/Program Files (x86)/Atmel/Studio/7.0/Packs/Atmel/ATmega_DFP/1.4.351/gcc/dev/atmega32u4/avr5/crtatmega32u4.o
                0x00000000                __vector_default
                0x00000000                __vectors
 *(.vectors)
 *(.progmem.gcc*)
 .progmem.gcc_sw_table.prvTimerTask
                0x000000ac       0x14 timers.o
                0x000000c0                . = ALIGN (0x2)
                0x000000c0                __trampolines_start = .
 *(.trampolines)
 .trampolines   0x000000c0        0x0 linker stubs
 *(.trampolines*)
                0x000000c0                __trampolines_end = .
 *libprintf_flt.a:*(.progmem.data)
 *libc.a:*(.progmem.data)
 *(.progmem*)
                0x000000c0                . = ALIGN (0x2)
 *(.jumptables)
 *(.jumptables*)
 *(.lowtext)
 *(.lowtext*)
                0x000000c0                __ctors_start = .
 *(.ctors)
                0x000000c0                __ctors_end = .
                0x000000c0                __dtors_start = .
 *(.dtors)
                0x000000c0                __dtors_end = .
 SORT(*)(.ctors)
 SORT(*)(.dtors)
 *(.init0)
 .init0         0x000000c0        0x0 C:/Program Files (x86)/Atmel/Studio/7.0/Packs/Atmel/ATmega_DFP/1.4.351/gcc/dev/atmega32u4/avr5/crtatmega32u4.o
                0x000000c0                __init
 *(.init0)
 *(.init1)
 *(.init1)
 *(.init2)
 .init2         0x000000c0        0xc C:/Program Files (x86)/Atmel/Studio/7.0/Packs/Atmel/ATmega_DFP/1.4.351/gcc/dev/atmega32u4/avr5/crtatmega32u4.o
 *(.init2)
 *(.init3)
 *(.init3)
 *(.init4)
 .init4         0x000000cc       0x16 c:/program files (x86)/atmel/studio/7.0/toolchain/avr8/avr8-gnu-toolchain/bin/../lib/gcc/avr/5.4.0/avr5\libgcc.a(_copy_data.o)
                0x000000cc                __do_copy_data
 .init4         0x000000e2       0x10 c:/program files (x86)/atmel/studio/7.0/toolchain/avr8/avr8-gnu-toolchain/bin/../lib/gcc/avr/5.4.0/avr5\libgcc.a(_clear_bss.o)
                0x000000e2                __do_clear_bss
 *(.init4)
 *(.init5)
 *(.init5)
 *(.init6)
 *(.init6)
 *(.init7)
 *(.init7)
 *(.init8)
 *(.init8)
 *(.init9)
 .init9         0x000000f2        0x8 C:/Program Files (x86)/Atmel/Studio/7.0/Packs/Atmel/ATmega_DFP/1.4.351/gcc/dev/atmega32u4/avr5/crtatmega32u4.o
 *(.init9)
 *(.text)
 .text          0x000000fa        0x4 C:/Program Files (x86)/Atmel/Studio/7.0/Packs/Atmel/ATmega_DFP/1.4.351/gcc/dev/atmega32u4/avr5/crtatmega32u4.o
                0x000000fa                __vector_38
                0x000000fa                __vector_22
                0x000000fa                __vector_28
                0x000000fa                __vector_1
                0x000000fa                __vector_32
                0x000000fa                __vector_34
                0x000000fa                __vector_24
                0x000000fa                __bad_interrupt
                0x000000fa                __vector_6
                0x000000fa                __vector_31
                0x000000fa                __vector_35
                0x000000fa                __vector_39
                0x000000fa                __vector_3
                0x000000fa                __vector_23
                0x000000fa                __vector_30
                0x000000fa                __vector_25
                0x000000fa                __vector_11
                0x000000fa                __vector_13
                0x000000fa                __vector_17
                0x000000fa                __vector_19
                0x000000fa                __vector_7
                0x000000fa                __vector_41
                0x000000fa                __vector_27
                0x000000fa                __vector_5
                0x000000fa                __vector_33
                0x000000fa                __vector_37
                0x000000fa                __vector_4
                0x000000fa                __vector_9
                0x000000fa                __vector_2
                0x000000fa                __vector_21
                0x000000fa                __vector_15
                0x000000fa                __vector_36
                0x000000fa                __vector_29
                0x000000fa                __vector_40
                0x000000fa                __vector_8
                0x000000fa                __vector_26
                0x000000fa                __vector_14
                0x000000fa                __vector_10
                0x000000fa                __vector_16
                0x000000fa                __vector_18
                0x000000fa                __vector_20
                0x000000fa                __vector_42
                0x000000fe                . = ALIGN (0x2)
 *(.text.*)
 .text.pvPortMalloc
                0x000000fe       0x26 heap_3.o
                0x000000fe                pvPortMalloc
 .text.vPortFree
                0x00000124       0x1e heap_3.o
                0x00000124                vPortFree
 .text.vApplicationIdleHook
                0x00000142       0x34 hooks.o
                0x00000142                vApplicationIdleHook
 .text.vApplicationMallocFailedHook
                0x00000176       0x14 hooks.o
                0x00000176                vApplicationMallocFailedHook
 .text.vApplicationStackOverflowHook
                0x0000018a       0x1a hooks.o
                0x0000018a                vApplicationStackOverflowHook
 .text.vListInitialise
                0x000001a4       0x1c list.o
                0x000001a4                vListInitialise
 .text.vListInitialiseItem
                0x000001c0        0x8 list.o
                0x000001c0                vListInitialiseItem
 .text.vListInsertEnd
                0x000001c8       0x42 list.o
                0x000001c8                vListInsertEnd
 .text.vListInsert
                0x0000020a       0x62 list.o
                0x0000020a                vListInsert
 .text.uxListRemove
                0x0000026c       0x4e list.o
                0x0000026c                uxListRemove
 .text.task2_code
                0x000002ba        0x2 main.o
                0x000002ba                task2_code
 .text.task1_code
                0x000002bc       0x18 main.o
                0x000002bc                task1_code
 .text.main     0x000002d4       0x4c main.o
                0x000002d4                main
 .text.pxPortInitialiseStack
                0x00000320       0x22 port.o
                0x00000320                pxPortInitialiseStack
 .text.xPortStartScheduler
                0x00000342       0x70 port.o
                0x00000342                xPortStartScheduler
 .text.vPortYield
                0x000003b2       0xb2 port.o
                0x000003b2                vPortYield
 .text.vPortYieldFromTick
                0x00000464       0xba port.o
                0x00000464                vPortYieldFromTick
 .text.__vector_12
                0x0000051e        0x6 port.o
                0x0000051e                __vector_12
 .text.prvIsQueueEmpty
                0x00000524       0x16 queue.o
 .text.prvCopyDataToQueue
                0x0000053a       0xbe queue.o
 .text.prvCopyDataFromQueue
                0x000005f8       0x34 queue.o
 .text.prvUnlockQueue
                0x0000062c       0x9a queue.o
 .text.xQueueGenericReset
                0x000006c6       0x8c queue.o
                0x000006c6                xQueueGenericReset
 .text.xQueueGenericCreate
                0x00000752       0x46 queue.o
                0x00000752                xQueueGenericCreate
 .text.xQueueGenericSend
                0x00000798      0x142 queue.o
                0x00000798                xQueueGenericSend
 .text.xQueueCreateMutex
                0x000008da       0x34 queue.o
                0x000008da                xQueueCreateMutex
 .text.xQueueGenericSendFromISR
                0x0000090e       0x78 queue.o
                0x0000090e                xQueueGenericSendFromISR
 .text.xQueueReceive
                0x00000986      0x132 queue.o
                0x00000986                xQueueReceive
 .text.vQueueWaitForMessageRestricted
                0x00000ab8       0x3a queue.o
                0x00000ab8                vQueueWaitForMessageRestricted
 .text.prvResetNextTaskUnblockTime
                0x00000af2       0x3e tasks.o
 .text.prvAddCurrentTaskToDelayedList
                0x00000b30       0xb0 tasks.o
 .text.prvIdleTask
                0x00000be0       0x74 tasks.o
 .text.xTaskCreate
                0x00000c54      0x238 tasks.o
                0x00000c54                xTaskCreate
 .text.vTaskStartScheduler
                0x00000e8c       0x5c tasks.o
                0x00000e8c                vTaskStartScheduler
 .text.vTaskSuspendAll
                0x00000ee8        0xc tasks.o
                0x00000ee8                vTaskSuspendAll
 .text.xTaskGetTickCount
                0x00000ef4       0x14 tasks.o
                0x00000ef4                xTaskGetTickCount
 .text.xTaskIncrementTick
                0x00000f08      0x17e tasks.o
                0x00000f08                xTaskIncrementTick
 .text.xTaskResumeAll
                0x00001086      0x106 tasks.o
                0x00001086                xTaskResumeAll
 .text.vTaskSwitchContext
                0x0000118c      0x102 tasks.o
                0x0000118c                vTaskSwitchContext
 .text.vTaskPlaceOnEventList
                0x0000128e       0x24 tasks.o
                0x0000128e                vTaskPlaceOnEventList
 .text.vTaskPlaceOnEventListRestricted
                0x000012b2       0x32 tasks.o
                0x000012b2                vTaskPlaceOnEventListRestricted
 .text.xTaskRemoveFromEventList
                0x000012e4       0x90 tasks.o
                0x000012e4                xTaskRemoveFromEventList
 .text.vTaskInternalSetTimeOutState
                0x00001374       0x16 tasks.o
                0x00001374                vTaskInternalSetTimeOutState
 .text.xTaskCheckForTimeOut
                0x0000138a       0x6c tasks.o
                0x0000138a                xTaskCheckForTimeOut
 .text.vTaskMissedYield
                0x000013f6        0x8 tasks.o
                0x000013f6                vTaskMissedYield
 .text.xTaskGetSchedulerState
                0x000013fe       0x1c tasks.o
                0x000013fe                xTaskGetSchedulerState
 .text.xTaskPriorityDisinherit
                0x0000141a       0x80 tasks.o
                0x0000141a                xTaskPriorityDisinherit
 .text.prvInsertTimerInActiveList
                0x0000149a       0x5e timers.o
 .text.prvCheckForValidListAndQueue
                0x000014f8       0x52 timers.o
 .text.xTimerCreateTimerTask
                0x0000154a       0x44 timers.o
                0x0000154a                xTimerCreateTimerTask
 .text.xTimerGenericCommand
                0x0000158e       0x90 timers.o
                0x0000158e                xTimerGenericCommand
 .text.prvSampleTimeNow
                0x0000161e       0xe0 timers.o
 .text.prvTimerTask
                0x000016fe      0x212 timers.o
 .text.libgcc   0x00001910        0xc c:/program files (x86)/atmel/studio/7.0/toolchain/avr8/avr8-gnu-toolchain/bin/../lib/gcc/avr/5.4.0/avr5\libgcc.a(_tablejump2.o)
                0x00001910                __tablejump2__
 .text.avr-libc
                0x0000191c      0x242 c:/program files (x86)/atmel/studio/7.0/toolchain/avr8/avr8-gnu-toolchain/bin/../lib/gcc/avr/5.4.0/../../../../avr/lib/avr5\libc.a(malloc.o)
                0x0000191c                malloc
                0x00001a4c                free
 .text.avr-libc
                0x00001b5e       0x12 c:/program files (x86)/atmel/studio/7.0/toolchain/avr8/avr8-gnu-toolchain/bin/../lib/gcc/avr/5.4.0/../../../../avr/lib/avr5\libc.a(memcpy.o)
                0x00001b5e                memcpy
 .text.avr-libc
                0x00001b70        0xe c:/program files (x86)/atmel/studio/7.0/toolchain/avr8/avr8-gnu-toolchain/bin/../lib/gcc/avr/5.4.0/../../../../avr/lib/avr5\libc.a(memset.o)
                0x00001b70                memset
                0x00001b7e                . = ALIGN (0x2)
 *(.fini9)
 .fini9         0x00001b7e        0x0 c:/program files (x86)/atmel/studio/7.0/toolchain/avr8/avr8-gnu-toolchain/bin/../lib/gcc/avr/5.4.0/avr5\libgcc.a(_exit.o)
                0x00001b7e                _exit
                0x00001b7e                exit
 *(.fini9)
 *(.fini8)
 *(.fini8)
 *(.fini7)
 *(.fini7)
 *(.fini6)
 *(.fini6)
 *(.fini5)
 *(.fini5)
 *(.fini4)
 *(.fini4)
 *(.fini3)
 *(.fini3)
 *(.fini2)
 *(.fini2)
 *(.fini1)
 *(.fini1)
 *(.fini0)
 .fini0         0x00001b7e        0x4 c:/program files (x86)/atmel/studio/7.0/toolchain/avr8/avr8-gnu-toolchain/bin/../lib/gcc/avr/5.4.0/avr5\libgcc.a(_exit.o)
 *(.fini0)
                0x00001b82                _etext = .

.data           0x00800100       0x26 load address 0x00001b82
                0x00800100                PROVIDE (__data_start, .)
 *(.data)
 .data          0x00800100        0x6 c:/program files (x86)/atmel/studio/7.0/toolchain/avr8/avr8-gnu-toolchain/bin/../lib/gcc/avr/5.4.0/../../../../avr/lib/avr5\libc.a(malloc.o)
                0x00800100                __malloc_heap_end
                0x00800102                __malloc_heap_start
                0x00800104                __malloc_margin
 *(.data*)
 .data.TASK2_PRIORITY
                0x00800106        0x1 main.o
                0x00800106                TASK2_PRIORITY
 .data.TASK1_PRIORITY
                0x00800107        0x1 main.o
                0x00800107                TASK1_PRIORITY
 *(.gnu.linkonce.d*)
 *(.rodata)
 *(.rodata*)
 .rodata.str1.1
                0x00800108       0x10 main.o
 .rodata.str1.1
                0x00800118        0x5 tasks.o
 .rodata.str1.1
                0x0080011d        0x8 timers.o
 *(.gnu.linkonce.r*)
                0x00800126                . = ALIGN (0x2)
 *fill*         0x00800125        0x1 
                0x00800126                _edata = .
                0x00800126                PROVIDE (__data_end, .)

.bss            0x00800126       0x8d
                0x00800126                PROVIDE (__bss_start, .)
 *(.bss)
 *(.bss*)
 .bss.mutex_handel_1
                0x00800126        0x2 main.o
                0x00800126                mutex_handel_1
 .bss.task2_handle
                0x00800128        0x2 main.o
                0x00800128                task2_handle
 .bss.task1_handle
                0x0080012a        0x2 main.o
                0x0080012a                task1_handle
 .bss.uxSchedulerSuspended
                0x0080012c        0x1 tasks.o
 .bss.xIdleTaskHandle
                0x0080012d        0x2 tasks.o
 .bss.xNextTaskUnblockTime
                0x0080012f        0x2 tasks.o
 .bss.uxTaskNumber
                0x00800131        0x1 tasks.o
 .bss.xNumOfOverflows
                0x00800132        0x1 tasks.o
 .bss.xYieldPending
                0x00800133        0x1 tasks.o
 .bss.xPendedTicks
                0x00800134        0x2 tasks.o
 .bss.xSchedulerRunning
                0x00800136        0x1 tasks.o
 .bss.uxTopReadyPriority
                0x00800137        0x1 tasks.o
 .bss.xTickCount
                0x00800138        0x2 tasks.o
 .bss.uxCurrentNumberOfTasks
                0x0080013a        0x1 tasks.o
 .bss.xSuspendedTaskList
                0x0080013b        0x9 tasks.o
 .bss.uxDeletedTasksWaitingCleanUp
                0x00800144        0x1 tasks.o
 .bss.xTasksWaitingTermination
                0x00800145        0x9 tasks.o
 .bss.xPendingReadyList
                0x0080014e        0x9 tasks.o
 .bss.pxOverflowDelayedTaskList
                0x00800157        0x2 tasks.o
 .bss.pxDelayedTaskList
                0x00800159        0x2 tasks.o
 .bss.xDelayedTaskList2
                0x0080015b        0x9 tasks.o
 .bss.xDelayedTaskList1
                0x00800164        0x9 tasks.o
 .bss.pxReadyTasksLists
                0x0080016d       0x24 tasks.o
 .bss.pxCurrentTCB
                0x00800191        0x2 tasks.o
                0x00800191                pxCurrentTCB
 .bss.xLastTime.2416
                0x00800193        0x2 timers.o
 .bss.xTimerTaskHandle
                0x00800195        0x2 timers.o
 .bss.xTimerQueue
                0x00800197        0x2 timers.o
 .bss.pxOverflowTimerList
                0x00800199        0x2 timers.o
 .bss.pxCurrentTimerList
                0x0080019b        0x2 timers.o
 .bss.xActiveTimerList2
                0x0080019d        0x9 timers.o
 .bss.xActiveTimerList1
                0x008001a6        0x9 timers.o
 *(COMMON)
 COMMON         0x008001af        0x4 c:/program files (x86)/atmel/studio/7.0/toolchain/avr8/avr8-gnu-toolchain/bin/../lib/gcc/avr/5.4.0/../../../../avr/lib/avr5\libc.a(malloc.o)
                0x008001af                __brkval
                0x008001b1                __flp
                0x008001b3                PROVIDE (__bss_end, .)
                0x00001b82                __data_load_start = LOADADDR (.data)
                0x00001ba8                __data_load_end = (__data_load_start + SIZEOF (.data))

.noinit         0x008001b3        0x0
                [!provide]                PROVIDE (__noinit_start, .)
 *(.noinit*)
                [!provide]                PROVIDE (__noinit_end, .)
                0x008001b3                _end = .
                0x008001b3                PROVIDE (__heap_start, .)

.eeprom         0x00810000        0x0
 *(.eeprom*)
                0x00810000                __eeprom_end = .

.fuse
 *(.fuse)
 *(.lfuse)
 *(.hfuse)
 *(.efuse)

.lock
 *(.lock*)

.signature
 *(.signature*)

.user_signatures
 *(.user_signatures*)

.stab
 *(.stab)

.stabstr
 *(.stabstr)

.stab.excl
 *(.stab.excl)

.stab.exclstr
 *(.stab.exclstr)

.stab.index
 *(.stab.index)

.stab.indexstr
 *(.stab.indexstr)

.comment        0x00000000       0x30
 *(.comment)
 .comment       0x00000000       0x30 heap_3.o
                                 0x31 (size before relaxing)
 .comment       0x00000030       0x31 hooks.o
 .comment       0x00000030       0x31 list.o
 .comment       0x00000030       0x31 main.o
 .comment       0x00000030       0x31 port.o
 .comment       0x00000030       0x31 queue.o
 .comment       0x00000030       0x31 tasks.o
 .comment       0x00000030       0x31 timers.o
 .comment       0x00000030       0x31 c:/program files (x86)/atmel/studio/7.0/toolchain/avr8/avr8-gnu-toolchain/bin/../lib/gcc/avr/5.4.0/../../../../avr/lib/avr5\libc.a(malloc.o)

.note.gnu.avr.deviceinfo
                0x00000000       0x40
 .note.gnu.avr.deviceinfo
                0x00000000       0x40 C:/Program Files (x86)/Atmel/Studio/7.0/Packs/Atmel/ATmega_DFP/1.4.351/gcc/dev/atmega32u4/avr5/crtatmega32u4.o

.note.gnu.build-id
 *(.note.gnu.build-id)

.debug
 *(.debug)

.line
 *(.line)

.debug_srcinfo
 *(.debug_srcinfo)

.debug_sfnames
 *(.debug_sfnames)

.debug_aranges  0x00000000      0x428
 *(.debug_aranges)
 .debug_aranges
                0x00000000       0x28 heap_3.o
 .debug_aranges
                0x00000028       0x30 hooks.o
 .debug_aranges
                0x00000058       0x40 list.o
 .debug_aranges
                0x00000098       0x30 main.o
 .debug_aranges
                0x000000c8       0x50 port.o
 .debug_aranges
                0x00000118       0xe0 queue.o
 .debug_aranges
                0x000001f8      0x198 tasks.o
 .debug_aranges
                0x00000390       0x98 timers.o

.debug_pubnames
 *(.debug_pubnames)

.debug_info     0x00000000     0x5f34
 *(.debug_info .gnu.linkonce.wi.*)
 .debug_info    0x00000000      0x9f4 C:/Program Files (x86)/Atmel/Studio/7.0/Packs/Atmel/ATmega_DFP/1.4.351/gcc/dev/atmega32u4/avr5/crtatmega32u4.o
 .debug_info    0x000009f4      0x19f heap_3.o
 .debug_info    0x00000b93      0x1ba hooks.o
 .debug_info    0x00000d4d      0x2e3 list.o
 .debug_info    0x00001030      0x262 main.o
 .debug_info    0x00001292      0x2b7 port.o
 .debug_info    0x00001549     0x1838 queue.o
 .debug_info    0x00002d81     0x215e tasks.o
 .debug_info    0x00004edf     0x1055 timers.o

.debug_abbrev   0x00000000     0x17ca
 *(.debug_abbrev)
 .debug_abbrev  0x00000000      0x96a C:/Program Files (x86)/Atmel/Studio/7.0/Packs/Atmel/ATmega_DFP/1.4.351/gcc/dev/atmega32u4/avr5/crtatmega32u4.o
 .debug_abbrev  0x0000096a      0x107 heap_3.o
 .debug_abbrev  0x00000a71      0x101 hooks.o
 .debug_abbrev  0x00000b72       0xff list.o
 .debug_abbrev  0x00000c71       0xfe main.o
 .debug_abbrev  0x00000d6f      0x158 port.o
 .debug_abbrev  0x00000ec7      0x2c9 queue.o
 .debug_abbrev  0x00001190      0x32b tasks.o
 .debug_abbrev  0x000014bb      0x30f timers.o

.debug_line     0x00000000     0x2e08
 *(.debug_line .debug_line.* .debug_line_end)
 .debug_line    0x00000000      0x19a C:/Program Files (x86)/Atmel/Studio/7.0/Packs/Atmel/ATmega_DFP/1.4.351/gcc/dev/atmega32u4/avr5/crtatmega32u4.o
 .debug_line    0x0000019a      0x16a heap_3.o
 .debug_line    0x00000304      0x1b2 hooks.o
 .debug_line    0x000004b6      0x1cf list.o
 .debug_line    0x00000685      0x128 main.o
 .debug_line    0x000007ad      0x269 port.o
 .debug_line    0x00000a16      0xb9e queue.o
 .debug_line    0x000015b4     0x1302 tasks.o
 .debug_line    0x000028b6      0x552 timers.o

.debug_frame    0x00000000      0xd00
 *(.debug_frame)
 .debug_frame   0x00000000       0x4c heap_3.o
 .debug_frame   0x0000004c       0x44 hooks.o
 .debug_frame   0x00000090       0x88 list.o
 .debug_frame   0x00000118       0x44 main.o
 .debug_frame   0x0000015c       0x84 port.o
 .debug_frame   0x000001e0      0x394 queue.o
 .debug_frame   0x00000574      0x5d0 tasks.o
 .debug_frame   0x00000b44      0x1bc timers.o

.debug_str      0x00000000     0x1cd4
 *(.debug_str)
 .debug_str     0x00000000      0x371 C:/Program Files (x86)/Atmel/Studio/7.0/Packs/Atmel/ATmega_DFP/1.4.351/gcc/dev/atmega32u4/avr5/crtatmega32u4.o
 .debug_str     0x00000371      0x1cf heap_3.o
                                0x208 (size before relaxing)
 .debug_str     0x00000540       0xc4 hooks.o
                                0x260 (size before relaxing)
 .debug_str     0x00000604      0x149 list.o
                                0x2d6 (size before relaxing)
 .debug_str     0x0000074d       0xd6 main.o
                                0x289 (size before relaxing)
 .debug_str     0x00000823      0x137 port.o
                                0x2d9 (size before relaxing)
 .debug_str     0x0000095a      0x663 queue.o
                                0x996 (size before relaxing)
 .debug_str     0x00000fbd      0x907 tasks.o
                                0xee4 (size before relaxing)
 .debug_str     0x000018c4      0x410 timers.o
                                0x84d (size before relaxing)

.debug_loc      0x00000000     0x527f
 *(.debug_loc)
 .debug_loc     0x00000000      0x102 heap_3.o
 .debug_loc     0x00000102       0xb4 hooks.o
 .debug_loc     0x000001b6      0x145 list.o
 .debug_loc     0x000002fb       0x26 main.o
 .debug_loc     0x00000321       0xcf port.o
 .debug_loc     0x000003f0     0x1cfc queue.o
 .debug_loc     0x000020ec     0x2586 tasks.o
 .debug_loc     0x00004672      0xc0d timers.o

.debug_macinfo
 *(.debug_macinfo)

.debug_weaknames
 *(.debug_weaknames)

.debug_funcnames
 *(.debug_funcnames)

.debug_typenames
 *(.debug_typenames)

.debug_varnames
 *(.debug_varnames)

.debug_pubtypes
 *(.debug_pubtypes)

.debug_ranges   0x00000000      0x510
 *(.debug_ranges)
 .debug_ranges  0x00000000       0x18 heap_3.o
 .debug_ranges  0x00000018       0x20 hooks.o
 .debug_ranges  0x00000038       0x30 list.o
 .debug_ranges  0x00000068       0x20 main.o
 .debug_ranges  0x00000088       0x40 port.o
 .debug_ranges  0x000000c8      0x160 queue.o
 .debug_ranges  0x00000228      0x200 tasks.o
 .debug_ranges  0x00000428       0xe8 timers.o

.debug_macro
 *(.debug_macro)
OUTPUT(FreeRTOS_test_4.elf elf32-avr)
LOAD linker stubs
